// Jest Snapshot v1, https://goo.gl/fbAQLP

exports[`Should render BugDelModal component correctly 1`] = `
<DocumentFragment>
  <p
    class="modal__paragraph"
  >
    If you delete this bug there is no way to return it!
  </p>
  <button
    class="modal__del-button"
    data-testid="delete_button"
  >
    Delete
  </button>
</DocumentFragment>
`;
